=== Testing Character Mapping ===

Total Characters: 4626

=== Testing Suggestions ===

test_1:
  Range 0-16: "Dutch (Moroccan)" Γ£ô

test_2:
  Range 16-18: "23" Γ£ô

test_3:
  Range 18-26: "Approach" Γ£ô

test_4:
  Range 30-48: "Neuropsychological" Γ£ô

test_5:
  Range 49-59: "Assessment" Γ£ô

test_6:
  Range 88-99: "Netherlands" Γ£ô

=== Paragraph Mappings ===

Paragraph 1:
  Offsets: 0-16
  Text: "Dutch (Moroccan)"
  Length: 16 characters

Paragraph 2:
  Offsets: 16-18
  Text: "23"
  Length: 2 characters

Paragraph 3:
  Offsets: 18-99
  Text: "Approach to Neuropsychological Assessment of Moroccan patients in the Netherlands"
  Length: 81 characters

Paragraph 4:
  Offsets: 99-169
  Text: "├ûzg├╝l Uysal-Bozkir, Ph.D, Sanne Franzen, MSc., & Miriam Goudsmit, MSc."
  Length: 70 characters

Paragraph 5:
  Offsets: 169-177
  Text: "Abstract"
  Length: 8 characters
